Semantic Error--line: 21, symbol main: redeclared.
********************************Symbol Table************************************

          Name Nest-Level  Tree-Node Predefined        Kind      Type      Value     Offset  Dimension     Argnum

  1     myTest          0                            class                                                       
  2          y          1                         variable  type-tree                                            
  3          x          1                         variable  type-tree                                            
  4       main          1  proc-tree             procedure                                                      0
  5      test1          0                            class                                                       
************* SYNTAX TREE PRINTOUT ***********

  +-[DUMMYnode]
R-[ProgramOp]
  |   +-[STNode,5,"test1"]
  | +-[ClassDefOp]
  | | |       +-[DUMMYnode]
  | | |     +-[StmtOp]
  | | |     | +-[DUMMYnode]
  | | |   +-[BodyOp]
  | | |   | +-[DUMMYnode]
  | | | +-[MethodOp]
  | | | | |   +-[DUMMYnode]
  | | | | | +-[SpecOp]
  | | | | | | +-[DUMMYnode]
  | | | | +-[HeadOp]
  | | | |   +-[IDNode,19,"main"]
  | | +-[BodyOp]
  | |   +-[DUMMYnode]
  +-[ClassOp]
    |   +-[STNode,1,"myTest"]
    | +-[ClassDefOp]
    | | |         +-[DUMMYnode]
    | | |       +-[ReturnOp]
    | | |       | | +-[DUMMYnode]
    | | |       | +-[VarOp]
    | | |       |   +-[STNode,3,"x"]
    | | |     +-[StmtOp]
    | | |     | +-[DUMMYnode]
    | | |   +-[BodyOp]
    | | |   | +-[DUMMYnode]
    | | | +-[MethodOp]
    | | | | |   +-[DUMMYnode]
    | | | | | +-[SpecOp]
    | | | | | | +-[DUMMYnode]
    | | | | +-[HeadOp]
    | | | |   +-[STNode,4,"main"]
    | | +-[BodyOp]
    | |   |       +-[DUMMYnode]
    | |   |     +-[CommaOp]
    | |   |     | | +-[DUMMYnode]
    | |   |     | +-[TypeIdOp]
    | |   |     |   +-[INTEGERTNode]
    | |   |   +-[CommaOp]
    | |   |   | +-[STNode,2,"y"]
    | |   | +-[DeclOp]
    | |   | | |     +-[DUMMYnode]
    | |   | | |   +-[CommaOp]
    | |   | | |   | | +-[DUMMYnode]
    | |   | | |   | +-[TypeIdOp]
    | |   | | |   |   +-[INTEGERTNode]
    | |   | | | +-[CommaOp]
    | |   | | | | +-[STNode,3,"x"]
    | |   | | +-[DeclOp]
    | |   | |   +-[DUMMYnode]
    | |   +-[BodyOp]
    | |     +-[DUMMYnode]
    +-[ClassOp]
      +-[DUMMYnode]
