********************************Symbol Table************************************

          Name Nest-Level  Tree-Node Predefined        Kind      Type      Value     Offset  Dimension     Argnum

  1     system          0                   yes      class                                                       
  2     readln          1                   yes  procedure                                                      1
  3    println          1                   yes  procedure                                                      1
  4         c3          0                            class                                                       
  5       main          1  proc-tree             procedure                                                      0
  6          x          2                         variable  type-tree                    -4                      
  7          y          2                         variable  type-tree                    -8                      
