********************************Symbol Table************************************

          Name Nest-Level  Tree-Node Predefined        Kind      Type      Value     Offset  Dimension     Argnum

  1     system          0                   yes      class                                                       
  2    println          1                   yes  procedure                                                      1
  3         c4          0                            class                                                       
  4          x          1                            array  type-tree                     0          1           
  5         ia          1                            array  type-tree                    40          1           
  6       main          1  proc-tree             procedure                                                      0
  7          y          2                            array  type-tree                  -100          1           
  8          z          2                         variable  type-tree                  -104                      
