DEBUG--The wanted attribute number 8 does not exist, id: func
DEBUG--The wanted attribute number 8 does not exist, id: func
********************************Symbol Table************************************

          Name Nest-Level  Tree-Node Predefined        Kind      Type      Value     Offset  Dimension     Argnum

  1     system          0                   yes      class                                                       
  2    println          1                   yes  procedure                                                      1
  3         c5          0                            class                                                       
  4       func          1  proc-tree              function  type-tree                                           0
  5       main          1  proc-tree             procedure                                                      0
